C:\Work\AutoAssessment\codelyzer\vera\tests\sanitizer\sanitizer_memory.c:10: Memory:[C:\Work\AutoAssessment\codelyzer\vera\tests\sanitizer\sanitizer_memory]: use-of-uninitialized-value, Uninitialized value was created by a heap allocation, suspect variable identifiers: arr.
C:\Work\AutoAssessment\codelyzer\vera\tests\sanitizer\sanitizer_memory.c:12: Memory:[C:\Work\AutoAssessment\codelyzer\vera\tests\sanitizer\sanitizer_memory]: use-of-uninitialized-value, suspect variable identifiers: arr.
