C:\Work\AutoAssessment\codelyzer\vera\tests\sanitizer\sanitizer_address-heap_use_after_free.c:6: Pointer's 'array' malloc is missing null pointer check.
C:\Work\AutoAssessment\codelyzer\vera\tests\sanitizer\sanitizer_address-heap_use_after_free.c:8: Memory:[C:\Work\AutoAssessment\codelyzer\vera\tests\sanitizer\sanitizer_address-heap_use_after_free]: Heap use after free, suspect variables: ['array'], sanitizer_address-heap_use_after_free.c:8
	Was accessed by read of size 4 at:
		sanitizer_address-heap_use_after_free.c:8 in function 'main'
	Accessed address is located 4 bytes inside of 400-byte region, freed by thread T0 here:
		sanitizer_address-heap_use_after_free.c:7 in function 'main'
	Previously allocated by thread T0 here:
		sanitizer_address-heap_use_after_free.c:6 in function 'main'
:MemoryEnd:
