C:\Work\AutoAssessment\codelyzer\vera\tests\sanitizer\sanitizer_leak.c:9: Memory:[C:\Work\AutoAssessment\codelyzer\vera\tests\sanitizer\sanitizer_leak]: detected memory leaks, Direct leak, suspect variable identifiers: p.
C:\Work\AutoAssessment\codelyzer\vera\tests\sanitizer\sanitizer_leak.c:15: Memory:[C:\Work\AutoAssessment\codelyzer\vera\tests\sanitizer\sanitizer_leak]: detected memory leaks, Direct leak, suspect variable identifiers: p.
