C:\Work\AutoAssessment\codelyzer\vera\tests\ForLoopsMustHave3Arguments.c:21: For loops must have all three loop arguments present.
C:\Work\AutoAssessment\codelyzer\vera\tests\ForLoopsMustHave3Arguments.c:25: For loops must have all three loop arguments present.
C:\Work\AutoAssessment\codelyzer\vera\tests\ForLoopsMustHave3Arguments.c:29: For loops must have all three loop arguments present.
C:\Work\AutoAssessment\codelyzer\vera\tests\ForLoopsMustHave3Arguments.c:33: For loops must have all three loop arguments present.
