C:\Work\AutoAssessment\codelyzer\vera\tests\MainBeforeStruct.c:3: Curly bracket tab indentation incorrect, found 12 characters but expected 0 tabs.
C:\Work\AutoAssessment\codelyzer\vera\tests\MainBeforeStruct.c:5: Closing curly bracket not in the same line or column, or brackets are not both indented with tabs.
C:\Work\AutoAssessment\codelyzer\vera\tests\MainBeforeStruct.c:18: Main function appears before struct defintion. struct is at line 18 , main appeared at line 10.
C:\Work\AutoAssessment\codelyzer\vera\tests\MainBeforeStruct.c:18: Curly bracket tab indentation incorrect, found 13 characters but expected 0 tabs.
C:\Work\AutoAssessment\codelyzer\vera\tests\MainBeforeStruct.c:20: Closing curly bracket not in the same line or column, or brackets are not both indented with tabs.
