C:\Work\AutoAssessment\codelyzer\vera\tests\MoreThanOneSemicolonSameLine.c:20: For loops must have all three loop arguments present.
C:\Work\AutoAssessment\codelyzer\vera\tests\MoreThanOneSemicolonSameLine.c:24: More than one semicolon cannot appear in the same line unless in an if statement.
C:\Work\AutoAssessment\codelyzer\vera\tests\MoreThanOneSemicolonSameLine.c:25: More than one semicolon cannot appear in the same line unless in an if statement.
C:\Work\AutoAssessment\codelyzer\vera\tests\MoreThanOneSemicolonSameLine.c:27: More than one semicolon cannot appear in the same line unless in an if statement.
C:\Work\AutoAssessment\codelyzer\vera\tests\MoreThanOneSemicolonSameLine.c:29: More than one semicolon cannot appear in the same line unless in an if statement.
C:\Work\AutoAssessment\codelyzer\vera\tests\MoreThanOneSemicolonSameLine.c:34: More than one semicolon cannot appear in the same line unless in an if statement.
C:\Work\AutoAssessment\codelyzer\vera\tests\MoreThanOneSemicolonSameLine.c:36: For loops must have all three loop arguments present.
C:\Work\AutoAssessment\codelyzer\vera\tests\MoreThanOneSemicolonSameLine.c:36: More than one semicolon cannot appear in the same line unless in an if statement.
