C:\Work\AutoAssessment\codelyzer\vera\tests\Naming-BadChars.c:3: Curly bracket tab indentation incorrect, found 12 characters but expected 0 tabs.
C:\Work\AutoAssessment\codelyzer\vera\tests\Naming-BadChars.c:5: Closing curly bracket not in the same line or column, or brackets are not both indented with tabs.
C:\Work\AutoAssessment\codelyzer\vera\tests\Naming-BadChars.c:10: Curly bracket tab indentation incorrect, found 13 characters but expected 0 tabs.
C:\Work\AutoAssessment\codelyzer\vera\tests\Naming-BadChars.c:12: Closing curly bracket not in the same line or column, or brackets are not both indented with tabs.
