b"Directory /task/student/sanitizer doesn't exist.\r\n"